
2025/03/28 (15:36:31) | ===> btop++ v.1.4.0
2025/03/28 (15:36:31) | WARNING: Intel GPU: Failed to initialize PMU

2025/03/28 (16:46:30) | ===> btop++ v.1.4.0
2025/03/28 (16:46:30) | WARNING: NVML: Failed to get maximum GPU power draw, defaulting to 225W: Not Supported
2025/03/28 (16:46:30) | WARNING: NVML: Failed to get maximum GPU temperature, defaulting to 110°C: Not Supported
2025/03/28 (16:46:30) | WARNING: NVML: Failed to get GPU power usage: Not Supported
2025/03/28 (16:46:30) | WARNING: Intel GPU: Failed to initialize PMU

2025/03/28 (19:45:26) | ===> btop++ v.1.4.0
2025/03/28 (19:45:26) | WARNING: NVML: Failed to get maximum GPU power draw, defaulting to 225W: Not Supported
2025/03/28 (19:45:26) | WARNING: NVML: Failed to get maximum GPU temperature, defaulting to 110°C: Not Supported
2025/03/28 (19:45:26) | WARNING: NVML: Failed to get GPU power usage: Not Supported
2025/03/28 (19:45:26) | WARNING: Intel GPU: Failed to initialize PMU

2025/03/29 (00:39:14) | ===> btop++ v.1.4.0
2025/03/29 (00:39:14) | WARNING: NVML: Failed to get maximum GPU power draw, defaulting to 225W: Not Supported
2025/03/29 (00:39:14) | WARNING: NVML: Failed to get maximum GPU temperature, defaulting to 110°C: Not Supported
2025/03/29 (00:39:14) | WARNING: NVML: Failed to get GPU power usage: Not Supported
2025/03/29 (00:39:14) | WARNING: Intel GPU: Failed to initialize PMU

2025/03/29 (00:52:18) | ===> btop++ v.1.4.0
2025/03/29 (00:52:18) | WARNING: NVML: Failed to get maximum GPU power draw, defaulting to 225W: Not Supported
2025/03/29 (00:52:18) | WARNING: NVML: Failed to get maximum GPU temperature, defaulting to 110°C: Not Supported
2025/03/29 (00:52:18) | WARNING: NVML: Failed to get GPU power usage: Not Supported
2025/03/29 (00:52:18) | WARNING: Intel GPU: Failed to initialize PMU

2025/03/29 (01:21:16) | ===> btop++ v.1.4.0
2025/03/29 (01:21:16) | WARNING: NVML: Failed to get maximum GPU power draw, defaulting to 225W: Not Supported
2025/03/29 (01:21:16) | WARNING: NVML: Failed to get maximum GPU temperature, defaulting to 110°C: Not Supported
2025/03/29 (01:21:16) | WARNING: NVML: Failed to get GPU power usage: Not Supported
2025/03/29 (01:21:16) | WARNING: Intel GPU: Failed to initialize PMU

2025/03/29 (01:22:12) | ===> btop++ v.1.4.0
2025/03/29 (01:22:12) | WARNING: NVML: Failed to get maximum GPU power draw, defaulting to 225W: Not Supported
2025/03/29 (01:22:12) | WARNING: NVML: Failed to get maximum GPU temperature, defaulting to 110°C: Not Supported
2025/03/29 (01:22:12) | WARNING: NVML: Failed to get GPU power usage: Not Supported
2025/03/29 (01:22:12) | WARNING: Intel GPU: Failed to initialize PMU

2025/03/29 (11:13:48) | ===> btop++ v.1.4.0
2025/03/29 (11:13:48) | WARNING: NVML: Failed to get maximum GPU power draw, defaulting to 225W: Not Supported
2025/03/29 (11:13:48) | WARNING: NVML: Failed to get maximum GPU temperature, defaulting to 110°C: Not Supported
2025/03/29 (11:13:48) | WARNING: NVML: Failed to get GPU power usage: Not Supported
2025/03/29 (11:13:48) | WARNING: Intel GPU: Failed to initialize PMU

2025/03/29 (11:49:37) | ===> btop++ v.1.4.0
2025/03/29 (11:49:37) | WARNING: NVML: Failed to get maximum GPU power draw, defaulting to 225W: Not Supported
2025/03/29 (11:49:37) | WARNING: NVML: Failed to get maximum GPU temperature, defaulting to 110°C: Not Supported
2025/03/29 (11:49:37) | WARNING: NVML: Failed to get GPU power usage: Not Supported
2025/03/29 (11:49:37) | WARNING: Intel GPU: Failed to initialize PMU

2025/03/29 (12:19:09) | ===> btop++ v.1.4.0
2025/03/29 (12:19:09) | WARNING: NVML: Failed to get maximum GPU power draw, defaulting to 225W: Not Supported
2025/03/29 (12:19:09) | WARNING: NVML: Failed to get maximum GPU temperature, defaulting to 110°C: Not Supported
2025/03/29 (12:19:09) | WARNING: NVML: Failed to get GPU power usage: Not Supported
2025/03/29 (12:19:10) | WARNING: Intel GPU: Failed to initialize PMU

2025/03/29 (19:55:37) | ===> btop++ v.1.4.0
2025/03/29 (19:55:37) | WARNING: NVML: Failed to get maximum GPU power draw, defaulting to 225W: Not Supported
2025/03/29 (19:55:37) | WARNING: NVML: Failed to get maximum GPU temperature, defaulting to 110°C: Not Supported
2025/03/29 (19:55:37) | WARNING: NVML: Failed to get GPU power usage: Not Supported
2025/03/29 (19:55:37) | WARNING: Intel GPU: Failed to initialize PMU

2025/03/31 (14:57:16) | ===> btop++ v.1.4.0
2025/03/31 (14:57:16) | WARNING: NVML: Failed to get maximum GPU power draw, defaulting to 225W: Not Supported
2025/03/31 (14:57:16) | WARNING: NVML: Failed to get maximum GPU temperature, defaulting to 110°C: Not Supported
2025/03/31 (14:57:16) | WARNING: NVML: Failed to get GPU power usage: Not Supported
2025/03/31 (14:57:16) | WARNING: Intel GPU: Failed to initialize PMU

2025/03/31 (15:03:43) | ===> btop++ v.1.4.0
2025/03/31 (15:03:43) | WARNING: NVML: Failed to get maximum GPU power draw, defaulting to 225W: Not Supported
2025/03/31 (15:03:43) | WARNING: NVML: Failed to get maximum GPU temperature, defaulting to 110°C: Not Supported
2025/03/31 (15:03:43) | WARNING: NVML: Failed to get GPU power usage: Not Supported
2025/03/31 (15:03:43) | WARNING: Intel GPU: Failed to initialize PMU

2025/03/31 (16:25:48) | ===> btop++ v.1.4.0
2025/03/31 (16:25:48) | WARNING: NVML: Failed to get maximum GPU power draw, defaulting to 225W: Not Supported
2025/03/31 (16:25:48) | WARNING: NVML: Failed to get maximum GPU temperature, defaulting to 110°C: Not Supported
2025/03/31 (16:25:48) | WARNING: NVML: Failed to get GPU power usage: Not Supported
2025/03/31 (16:25:48) | WARNING: Intel GPU: Failed to initialize PMU

2025/03/31 (16:41:52) | ===> btop++ v.1.4.0
2025/03/31 (16:41:52) | WARNING: NVML: Failed to get maximum GPU power draw, defaulting to 225W: Not Supported
2025/03/31 (16:41:52) | WARNING: NVML: Failed to get maximum GPU temperature, defaulting to 110°C: Not Supported
2025/03/31 (16:41:52) | WARNING: NVML: Failed to get GPU power usage: Not Supported
2025/03/31 (16:41:52) | WARNING: Intel GPU: Failed to initialize PMU

2025/04/01 (12:18:13) | ===> btop++ v.1.4.0
2025/04/01 (12:18:13) | WARNING: NVML: Failed to get maximum GPU power draw, defaulting to 225W: Not Supported
2025/04/01 (12:18:13) | WARNING: NVML: Failed to get maximum GPU temperature, defaulting to 110°C: Not Supported
2025/04/01 (12:18:13) | WARNING: NVML: Failed to get GPU power usage: Not Supported
2025/04/01 (12:18:14) | WARNING: Intel GPU: Failed to initialize PMU

2025/04/04 (15:53:17) | ===> btop++ v.1.4.0
2025/04/04 (15:53:17) | WARNING: NVML: Failed to get maximum GPU power draw, defaulting to 225W: Not Supported
2025/04/04 (15:53:17) | WARNING: NVML: Failed to get maximum GPU temperature, defaulting to 110°C: Not Supported
2025/04/04 (15:53:17) | WARNING: NVML: Failed to get GPU power usage: Not Supported
2025/04/04 (15:53:17) | WARNING: Intel GPU: Failed to initialize PMU

2025/04/16 (16:42:38) | ===> btop++ v.1.4.0
2025/04/16 (16:42:38) | WARNING: NVML: Failed to get maximum GPU power draw, defaulting to 225W: Not Supported
2025/04/16 (16:42:38) | WARNING: NVML: Failed to get maximum GPU temperature, defaulting to 110°C: Not Supported
2025/04/16 (16:42:38) | WARNING: NVML: Failed to get GPU power usage: Not Supported
2025/04/16 (16:42:38) | WARNING: Intel GPU: Failed to initialize PMU

2025/04/17 (19:23:54) | ===> btop++ v.1.4.0
2025/04/17 (19:23:54) | WARNING: NVML: Failed to get maximum GPU power draw, defaulting to 225W: Not Supported
2025/04/17 (19:23:54) | WARNING: NVML: Failed to get maximum GPU temperature, defaulting to 110°C: Not Supported
2025/04/17 (19:23:54) | WARNING: NVML: Failed to get GPU power usage: Not Supported
2025/04/17 (19:23:54) | WARNING: Intel GPU: Failed to initialize PMU

2025/04/18 (15:33:02) | ===> btop++ v.1.4.0
2025/04/18 (15:33:02) | WARNING: NVML: Failed to get maximum GPU power draw, defaulting to 225W: Not Supported
2025/04/18 (15:33:02) | WARNING: NVML: Failed to get maximum GPU temperature, defaulting to 110°C: Not Supported
2025/04/18 (15:33:02) | WARNING: NVML: Failed to get GPU power usage: Not Supported
2025/04/18 (15:33:02) | WARNING: Intel GPU: Failed to initialize PMU

2025/04/18 (17:36:17) | ===> btop++ v.1.4.0
2025/04/18 (17:36:17) | WARNING: NVML: Failed to get maximum GPU power draw, defaulting to 225W: Not Supported
2025/04/18 (17:36:17) | WARNING: NVML: Failed to get maximum GPU temperature, defaulting to 110°C: Not Supported
2025/04/18 (17:36:17) | WARNING: NVML: Failed to get GPU power usage: Not Supported
2025/04/18 (17:36:17) | WARNING: Intel GPU: Failed to initialize PMU

2025/04/23 (13:50:57) | ===> btop++ v.1.4.0
2025/04/23 (13:50:57) | WARNING: NVML: Failed to get maximum GPU power draw, defaulting to 225W: Not Supported
2025/04/23 (13:50:57) | WARNING: NVML: Failed to get maximum GPU temperature, defaulting to 110°C: Not Supported
2025/04/23 (13:50:57) | WARNING: NVML: Failed to get GPU power usage: Not Supported
2025/04/23 (13:50:57) | WARNING: Intel GPU: Failed to initialize PMU

2025/04/28 (14:56:38) | ===> btop++ v.1.4.0
2025/04/28 (14:56:38) | WARNING: Intel GPU: Failed to initialize PMU

2025/04/29 (13:29:41) | ===> btop++ v.1.4.0
2025/04/29 (13:29:41) | WARNING: NVML: Failed to get maximum GPU power draw, defaulting to 225W: Not Supported
2025/04/29 (13:29:41) | WARNING: NVML: Failed to get maximum GPU temperature, defaulting to 110°C: Not Supported
2025/04/29 (13:29:41) | WARNING: NVML: Failed to get GPU power usage: Not Supported
2025/04/29 (13:29:41) | WARNING: Intel GPU: Failed to initialize PMU

2025/04/29 (19:35:02) | ===> btop++ v.1.4.0
2025/04/29 (19:35:02) | WARNING: NVML: Failed to get maximum GPU power draw, defaulting to 225W: Not Supported
2025/04/29 (19:35:02) | WARNING: NVML: Failed to get maximum GPU temperature, defaulting to 110°C: Not Supported
2025/04/29 (19:35:02) | WARNING: NVML: Failed to get GPU power usage: Not Supported
2025/04/29 (19:35:02) | WARNING: Intel GPU: Failed to initialize PMU

2025/04/30 (16:42:54) | ===> btop++ v.1.4.0
2025/04/30 (16:42:54) | WARNING: NVML: Failed to get maximum GPU power draw, defaulting to 225W: Not Supported
2025/04/30 (16:42:54) | WARNING: NVML: Failed to get maximum GPU temperature, defaulting to 110°C: Not Supported
2025/04/30 (16:42:54) | WARNING: NVML: Failed to get GPU power usage: Not Supported
2025/04/30 (16:42:54) | WARNING: Intel GPU: Failed to initialize PMU

2025/05/02 (15:12:05) | ===> btop++ v.1.4.0
2025/05/02 (15:12:05) | WARNING: NVML: Failed to get maximum GPU power draw, defaulting to 225W: Not Supported
2025/05/02 (15:12:05) | WARNING: NVML: Failed to get maximum GPU temperature, defaulting to 110°C: Not Supported
2025/05/02 (15:12:05) | WARNING: NVML: Failed to get GPU power usage: Not Supported
2025/05/02 (15:12:05) | WARNING: Intel GPU: Failed to initialize PMU

2025/05/09 (15:02:03) | ===> btop++ v.1.4.0
2025/05/09 (15:02:03) | WARNING: NVML: Failed to get maximum GPU power draw, defaulting to 225W: Not Supported
2025/05/09 (15:02:03) | WARNING: NVML: Failed to get maximum GPU temperature, defaulting to 110°C: Not Supported
2025/05/09 (15:02:03) | WARNING: NVML: Failed to get GPU power usage: Not Supported
2025/05/09 (15:02:03) | WARNING: Intel GPU: Failed to initialize PMU

2025/05/19 (23:04:11) | ===> btop++ v.1.4.0
2025/05/19 (23:04:11) | WARNING: NVML: Failed to get maximum GPU power draw, defaulting to 225W: Not Supported
2025/05/19 (23:04:11) | WARNING: NVML: Failed to get maximum GPU temperature, defaulting to 110°C: Not Supported
2025/05/19 (23:04:11) | WARNING: NVML: Failed to get GPU power usage: Not Supported
2025/05/19 (23:04:11) | WARNING: Intel GPU: Failed to initialize PMU

2025/05/20 (14:16:08) | ===> btop++ v.1.4.0
2025/05/20 (14:16:08) | WARNING: NVML: Failed to get maximum GPU power draw, defaulting to 225W: Not Supported
2025/05/20 (14:16:08) | WARNING: NVML: Failed to get maximum GPU temperature, defaulting to 110°C: Not Supported
2025/05/20 (14:16:08) | WARNING: NVML: Failed to get GPU power usage: Not Supported
2025/05/20 (14:16:08) | WARNING: Intel GPU: Failed to initialize PMU

2025/05/20 (14:39:41) | ===> btop++ v.1.4.0
2025/05/20 (14:39:41) | WARNING: NVML: Failed to get maximum GPU power draw, defaulting to 225W: Not Supported
2025/05/20 (14:39:41) | WARNING: NVML: Failed to get maximum GPU temperature, defaulting to 110°C: Not Supported
2025/05/20 (14:39:41) | WARNING: NVML: Failed to get GPU power usage: Not Supported
2025/05/20 (14:39:41) | WARNING: Intel GPU: Failed to initialize PMU

2025/05/21 (11:11:13) | ===> btop++ v.1.4.0
2025/05/21 (11:11:13) | WARNING: NVML: Failed to get maximum GPU power draw, defaulting to 225W: Not Supported
2025/05/21 (11:11:13) | WARNING: NVML: Failed to get maximum GPU temperature, defaulting to 110°C: Not Supported
2025/05/21 (11:11:13) | WARNING: NVML: Failed to get GPU power usage: Not Supported
2025/05/21 (11:11:13) | WARNING: Intel GPU: Failed to initialize PMU

2025/05/22 (10:14:58) | ===> btop++ v.1.4.0
2025/05/22 (10:14:58) | WARNING: NVML: Failed to get maximum GPU power draw, defaulting to 225W: Not Supported
2025/05/22 (10:14:58) | WARNING: NVML: Failed to get maximum GPU temperature, defaulting to 110°C: Not Supported
2025/05/22 (10:14:58) | WARNING: NVML: Failed to get GPU power usage: Not Supported
2025/05/22 (10:14:58) | WARNING: Intel GPU: Failed to initialize PMU

2025/06/03 (19:09:17) | ===> btop++ v.1.4.0
2025/06/03 (19:09:17) | WARNING: NVML: Failed to get maximum GPU power draw, defaulting to 225W: Not Supported
2025/06/03 (19:09:17) | WARNING: NVML: Failed to get maximum GPU temperature, defaulting to 110°C: Not Supported
2025/06/03 (19:09:17) | WARNING: NVML: Failed to get GPU power usage: Not Supported
2025/06/03 (19:09:17) | WARNING: Intel GPU: Failed to initialize PMU

2025/06/04 (12:59:25) | ===> btop++ v.1.4.0
2025/06/04 (12:59:25) | WARNING: NVML: Failed to get maximum GPU power draw, defaulting to 225W: Not Supported
2025/06/04 (12:59:25) | WARNING: NVML: Failed to get maximum GPU temperature, defaulting to 110°C: Not Supported
2025/06/04 (12:59:25) | WARNING: NVML: Failed to get GPU power usage: Not Supported
2025/06/04 (12:59:25) | WARNING: Intel GPU: Failed to initialize PMU

2025/06/23 (12:08:19) | ===> btop++ v.1.4.0
2025/06/23 (12:08:19) | WARNING: NVML: Failed to get maximum GPU power draw, defaulting to 225W: Not Supported
2025/06/23 (12:08:20) | WARNING: NVML: Failed to get maximum GPU temperature, defaulting to 110°C: Not Supported
2025/06/23 (12:08:20) | WARNING: NVML: Failed to get GPU power usage: Not Supported
2025/06/23 (12:08:20) | WARNING: Intel GPU: Failed to initialize PMU

2025/06/23 (12:09:18) | ===> btop++ v.1.4.0
2025/06/23 (12:09:18) | WARNING: NVML: Failed to get maximum GPU power draw, defaulting to 225W: Not Supported
2025/06/23 (12:09:18) | WARNING: NVML: Failed to get maximum GPU temperature, defaulting to 110°C: Not Supported
2025/06/23 (12:09:18) | WARNING: NVML: Failed to get GPU power usage: Not Supported
2025/06/23 (12:09:18) | WARNING: Intel GPU: Failed to initialize PMU

2025/07/03 (15:38:36) | ===> btop++ v.1.4.0
2025/07/03 (15:38:36) | WARNING: NVML: Failed to get maximum GPU power draw, defaulting to 225W: Not Supported
2025/07/03 (15:38:36) | WARNING: NVML: Failed to get maximum GPU temperature, defaulting to 110°C: Not Supported
2025/07/03 (15:38:36) | WARNING: NVML: Failed to get GPU power usage: Not Supported
2025/07/03 (15:38:36) | WARNING: Intel GPU: Failed to initialize PMU

2025/07/10 (14:19:58) | ===> btop++ v.1.4.0
2025/07/10 (14:19:58) | WARNING: NVML: Failed to get maximum GPU power draw, defaulting to 225W: Not Supported
2025/07/10 (14:19:58) | WARNING: NVML: Failed to get maximum GPU temperature, defaulting to 110°C: Not Supported
2025/07/10 (14:19:58) | WARNING: NVML: Failed to get GPU power usage: Not Supported
2025/07/10 (14:19:58) | WARNING: Intel GPU: Failed to initialize PMU

2025/07/22 (19:15:57) | ===> btop++ v.1.4.0
2025/07/22 (19:15:57) | WARNING: NVML: Failed to get maximum GPU power draw, defaulting to 225W: Not Supported
2025/07/22 (19:15:57) | WARNING: NVML: Failed to get maximum GPU temperature, defaulting to 110°C: Not Supported
2025/07/22 (19:15:57) | WARNING: NVML: Failed to get GPU power usage: Not Supported
2025/07/22 (19:15:57) | WARNING: Intel GPU: Failed to initialize PMU

2025/07/23 (16:04:58) | ===> btop++ v.1.4.0
2025/07/23 (16:04:58) | WARNING: Intel GPU: Failed to initialize PMU

2025/07/30 (21:53:22) | ===> btop++ v.1.4.0
2025/07/30 (21:53:22) | WARNING: NVML: Failed to get maximum GPU power draw, defaulting to 225W: Not Supported
2025/07/30 (21:53:22) | WARNING: NVML: Failed to get maximum GPU temperature, defaulting to 110°C: Not Supported
2025/07/30 (21:53:22) | WARNING: NVML: Failed to get GPU power usage: Not Supported
2025/07/30 (21:53:22) | WARNING: Intel GPU: Failed to initialize PMU

2025/08/17 (01:12:01) | ===> btop++ v.1.4.0
2025/08/17 (01:12:01) | WARNING: NVML: Failed to get maximum GPU power draw, defaulting to 225W: Not Supported
2025/08/17 (01:12:01) | WARNING: NVML: Failed to get maximum GPU temperature, defaulting to 110°C: Not Supported
2025/08/17 (01:12:01) | WARNING: NVML: Failed to get GPU power usage: Not Supported
2025/08/17 (01:12:01) | WARNING: Intel GPU: Failed to initialize PMU

2025/08/26 (22:29:29) | ===> btop++ v.1.4.0
2025/08/26 (22:29:29) | WARNING: NVML: Failed to get maximum GPU power draw, defaulting to 225W: Not Supported
2025/08/26 (22:29:29) | WARNING: NVML: Failed to get maximum GPU temperature, defaulting to 110°C: Not Supported
2025/08/26 (22:29:29) | WARNING: NVML: Failed to get GPU power usage: Not Supported
2025/08/26 (22:29:29) | WARNING: Intel GPU: Failed to initialize PMU
